#-----------------------------------------------------------
# Vivado v2018.2 (64-bit)
# SW Build 2258646 on Thu Jun 14 20:03:12 MDT 2018
# IP Build 2256618 on Thu Jun 14 22:10:49 MDT 2018
# Start of session at: Fri May 31 01:42:11 2019
# Process ID: 11512
# Current directory: D:/Codes/COD-course/Lab6
# Command line: vivado.exe -gui_launcher_event rodinguilauncherevent8736 D:\Codes\COD-course\Lab6\Lab6.xpr
# Log file: D:/Codes/COD-course/Lab6/vivado.log
# Journal file: D:/Codes/COD-course/Lab6\vivado.jou
#-----------------------------------------------------------
start_gui
open_project D:/Codes/COD-course/Lab6/Lab6.xpr
update_compile_order -fileset sources_1
set_property -dict [list CONFIG.coefficient_file {C:/Users/yjh10/Desktop/terminal.coe}] [get_ips RAM]
generate_target all [get_files  D:/Codes/COD-course/Lab6/Lab6.srcs/sources_1/ip/RAM/RAM.xci]
catch { config_ip_cache -export [get_ips -all RAM] }
export_ip_user_files -of_objects [get_files D:/Codes/COD-course/Lab6/Lab6.srcs/sources_1/ip/RAM/RAM.xci] -no_script -sync -force -quiet
reset_run RAM_synth_1
launch_runs -jobs 8 RAM_synth_1
export_simulation -of_objects [get_files D:/Codes/COD-course/Lab6/Lab6.srcs/sources_1/ip/RAM/RAM.xci] -directory D:/Codes/COD-course/Lab6/Lab6.ip_user_files/sim_scripts -ip_user_files_dir D:/Codes/COD-course/Lab6/Lab6.ip_user_files -ipstatic_source_dir D:/Codes/COD-course/Lab6/Lab6.ip_user_files/ipstatic -lib_map_path [list {modelsim=D:/Codes/COD-course/Lab6/Lab6.cache/compile_simlib/modelsim} {questa=D:/Codes/COD-course/Lab6/Lab6.cache/compile_simlib/questa} {riviera=D:/Codes/COD-course/Lab6/Lab6.cache/compile_simlib/riviera} {activehdl=D:/Codes/COD-course/Lab6/Lab6.cache/compile_simlib/activehdl}] -use_ip_compiled_libs -force -quiet
launch_runs impl_1 -to_step write_bitstream -jobs 8
wait_on_run impl_1
open_hw
close_hw
open_hw
connect_hw_server
open_hw_target
set_property PROGRAM.FILE {D:/Codes/COD-course/Lab6/Lab6.runs/impl_1/top.bit} [get_hw_devices xc7a100t_0]
current_hw_device [get_hw_devices xc7a100t_0]
refresh_hw_device -update_hw_probes false [lindex [get_hw_devices xc7a100t_0] 0]
set_property PROBES.FILE {} [get_hw_devices xc7a100t_0]
set_property FULL_PROBES.FILE {} [get_hw_devices xc7a100t_0]
set_property PROGRAM.FILE {D:/Codes/COD-course/Lab6/Lab6.runs/impl_1/top.bit} [get_hw_devices xc7a100t_0]
program_hw_devices [get_hw_devices xc7a100t_0]
refresh_hw_device [lindex [get_hw_devices xc7a100t_0] 0]
close_hw
set_property -dict [list CONFIG.coefficient_file {C:/Users/yjh10/Desktop/terminal.coe}] [get_ips RAM]
generate_target all [get_files  D:/Codes/COD-course/Lab6/Lab6.srcs/sources_1/ip/RAM/RAM.xci]
catch { config_ip_cache -export [get_ips -all RAM] }
export_ip_user_files -of_objects [get_files D:/Codes/COD-course/Lab6/Lab6.srcs/sources_1/ip/RAM/RAM.xci] -no_script -sync -force -quiet
reset_run RAM_synth_1
launch_runs -jobs 8 RAM_synth_1
export_simulation -of_objects [get_files D:/Codes/COD-course/Lab6/Lab6.srcs/sources_1/ip/RAM/RAM.xci] -directory D:/Codes/COD-course/Lab6/Lab6.ip_user_files/sim_scripts -ip_user_files_dir D:/Codes/COD-course/Lab6/Lab6.ip_user_files -ipstatic_source_dir D:/Codes/COD-course/Lab6/Lab6.ip_user_files/ipstatic -lib_map_path [list {modelsim=D:/Codes/COD-course/Lab6/Lab6.cache/compile_simlib/modelsim} {questa=D:/Codes/COD-course/Lab6/Lab6.cache/compile_simlib/questa} {riviera=D:/Codes/COD-course/Lab6/Lab6.cache/compile_simlib/riviera} {activehdl=D:/Codes/COD-course/Lab6/Lab6.cache/compile_simlib/activehdl}] -use_ip_compiled_libs -force -quiet
reset_run synth_1
launch_runs impl_1 -to_step write_bitstream -jobs 8
wait_on_run impl_1
open_hw
connect_hw_server
open_hw_target
set_property PROGRAM.FILE {D:/Codes/COD-course/Lab6/Lab6.runs/impl_1/top.bit} [get_hw_devices xc7a100t_0]
current_hw_device [get_hw_devices xc7a100t_0]
refresh_hw_device -update_hw_probes false [lindex [get_hw_devices xc7a100t_0] 0]
set_property PROBES.FILE {} [get_hw_devices xc7a100t_0]
set_property FULL_PROBES.FILE {} [get_hw_devices xc7a100t_0]
set_property PROGRAM.FILE {D:/Codes/COD-course/Lab6/Lab6.runs/impl_1/top.bit} [get_hw_devices xc7a100t_0]
program_hw_devices [get_hw_devices xc7a100t_0]
refresh_hw_device [lindex [get_hw_devices xc7a100t_0] 0]
set_property PROBES.FILE {} [get_hw_devices xc7a100t_0]
set_property FULL_PROBES.FILE {} [get_hw_devices xc7a100t_0]
set_property PROGRAM.FILE {D:/Codes/COD-course/Lab6/Lab6.runs/impl_1/top.bit} [get_hw_devices xc7a100t_0]
program_hw_devices [get_hw_devices xc7a100t_0]
refresh_hw_device [lindex [get_hw_devices xc7a100t_0] 0]
close_hw
set_property -dict [list CONFIG.coefficient_file {C:/Users/yjh10/Desktop/font.coe}] [get_ips Font_ROM]
generate_target all [get_files  D:/Codes/COD-course/Lab6/Lab6.srcs/sources_1/ip/Font_ROM/Font_ROM.xci]
catch { config_ip_cache -export [get_ips -all Font_ROM] }
export_ip_user_files -of_objects [get_files D:/Codes/COD-course/Lab6/Lab6.srcs/sources_1/ip/Font_ROM/Font_ROM.xci] -no_script -sync -force -quiet
create_ip_run [get_files -of_objects [get_fileset sources_1] D:/Codes/COD-course/Lab6/Lab6.srcs/sources_1/ip/Font_ROM/Font_ROM.xci]
launch_runs -jobs 8 Font_ROM_synth_1
export_simulation -of_objects [get_files D:/Codes/COD-course/Lab6/Lab6.srcs/sources_1/ip/Font_ROM/Font_ROM.xci] -directory D:/Codes/COD-course/Lab6/Lab6.ip_user_files/sim_scripts -ip_user_files_dir D:/Codes/COD-course/Lab6/Lab6.ip_user_files -ipstatic_source_dir D:/Codes/COD-course/Lab6/Lab6.ip_user_files/ipstatic -lib_map_path [list {modelsim=D:/Codes/COD-course/Lab6/Lab6.cache/compile_simlib/modelsim} {questa=D:/Codes/COD-course/Lab6/Lab6.cache/compile_simlib/questa} {riviera=D:/Codes/COD-course/Lab6/Lab6.cache/compile_simlib/riviera} {activehdl=D:/Codes/COD-course/Lab6/Lab6.cache/compile_simlib/activehdl}] -use_ip_compiled_libs -force -quiet
set_property -dict [list CONFIG.coefficient_file {C:/Users/yjh10/Desktop/terminal.coe}] [get_ips RAM]
generate_target all [get_files  D:/Codes/COD-course/Lab6/Lab6.srcs/sources_1/ip/RAM/RAM.xci]
catch { config_ip_cache -export [get_ips -all RAM] }
export_ip_user_files -of_objects [get_files D:/Codes/COD-course/Lab6/Lab6.srcs/sources_1/ip/RAM/RAM.xci] -no_script -sync -force -quiet
reset_run RAM_synth_1
launch_runs -jobs 8 RAM_synth_1
export_simulation -of_objects [get_files D:/Codes/COD-course/Lab6/Lab6.srcs/sources_1/ip/RAM/RAM.xci] -directory D:/Codes/COD-course/Lab6/Lab6.ip_user_files/sim_scripts -ip_user_files_dir D:/Codes/COD-course/Lab6/Lab6.ip_user_files -ipstatic_source_dir D:/Codes/COD-course/Lab6/Lab6.ip_user_files/ipstatic -lib_map_path [list {modelsim=D:/Codes/COD-course/Lab6/Lab6.cache/compile_simlib/modelsim} {questa=D:/Codes/COD-course/Lab6/Lab6.cache/compile_simlib/questa} {riviera=D:/Codes/COD-course/Lab6/Lab6.cache/compile_simlib/riviera} {activehdl=D:/Codes/COD-course/Lab6/Lab6.cache/compile_simlib/activehdl}] -use_ip_compiled_libs -force -quiet
reset_run synth_1
launch_runs impl_1 -to_step write_bitstream -jobs 8
wait_on_run impl_1
reset_run synth_1
set_property -dict [list CONFIG.coefficient_file {C:/Users/yjh10/Desktop/terminal.coe}] [get_ips RAM]
generate_target all [get_files  D:/Codes/COD-course/Lab6/Lab6.srcs/sources_1/ip/RAM/RAM.xci]
catch { config_ip_cache -export [get_ips -all RAM] }
export_ip_user_files -of_objects [get_files D:/Codes/COD-course/Lab6/Lab6.srcs/sources_1/ip/RAM/RAM.xci] -no_script -sync -force -quiet
reset_run RAM_synth_1
launch_runs -jobs 8 RAM_synth_1
export_simulation -of_objects [get_files D:/Codes/COD-course/Lab6/Lab6.srcs/sources_1/ip/RAM/RAM.xci] -directory D:/Codes/COD-course/Lab6/Lab6.ip_user_files/sim_scripts -ip_user_files_dir D:/Codes/COD-course/Lab6/Lab6.ip_user_files -ipstatic_source_dir D:/Codes/COD-course/Lab6/Lab6.ip_user_files/ipstatic -lib_map_path [list {modelsim=D:/Codes/COD-course/Lab6/Lab6.cache/compile_simlib/modelsim} {questa=D:/Codes/COD-course/Lab6/Lab6.cache/compile_simlib/questa} {riviera=D:/Codes/COD-course/Lab6/Lab6.cache/compile_simlib/riviera} {activehdl=D:/Codes/COD-course/Lab6/Lab6.cache/compile_simlib/activehdl}] -use_ip_compiled_libs -force -quiet
launch_runs impl_1 -to_step write_bitstream -jobs 8
wait_on_run impl_1
reset_run synth_1
set_property -dict [list CONFIG.coefficient_file {C:/Users/yjh10/Desktop/terminal.coe}] [get_ips RAM]
generate_target all [get_files  D:/Codes/COD-course/Lab6/Lab6.srcs/sources_1/ip/RAM/RAM.xci]
catch { config_ip_cache -export [get_ips -all RAM] }
catch { [ delete_ip_run [get_ips -all RAM] ] }
export_ip_user_files -of_objects [get_files D:/Codes/COD-course/Lab6/Lab6.srcs/sources_1/ip/RAM/RAM.xci] -no_script -sync -force -quiet
create_ip_run [get_files -of_objects [get_fileset sources_1] D:/Codes/COD-course/Lab6/Lab6.srcs/sources_1/ip/RAM/RAM.xci]
export_simulation -of_objects [get_files D:/Codes/COD-course/Lab6/Lab6.srcs/sources_1/ip/RAM/RAM.xci] -directory D:/Codes/COD-course/Lab6/Lab6.ip_user_files/sim_scripts -ip_user_files_dir D:/Codes/COD-course/Lab6/Lab6.ip_user_files -ipstatic_source_dir D:/Codes/COD-course/Lab6/Lab6.ip_user_files/ipstatic -lib_map_path [list {modelsim=D:/Codes/COD-course/Lab6/Lab6.cache/compile_simlib/modelsim} {questa=D:/Codes/COD-course/Lab6/Lab6.cache/compile_simlib/questa} {riviera=D:/Codes/COD-course/Lab6/Lab6.cache/compile_simlib/riviera} {activehdl=D:/Codes/COD-course/Lab6/Lab6.cache/compile_simlib/activehdl}] -use_ip_compiled_libs -force -quiet
update_compile_order -fileset sources_1
launch_runs impl_1 -to_step write_bitstream -jobs 8
wait_on_run impl_1
open_hw
connect_hw_server
open_hw_target
set_property PROGRAM.FILE {D:/Codes/COD-course/Lab6/Lab6.runs/impl_1/top.bit} [get_hw_devices xc7a100t_0]
current_hw_device [get_hw_devices xc7a100t_0]
refresh_hw_device -update_hw_probes false [lindex [get_hw_devices xc7a100t_0] 0]
set_property PROBES.FILE {} [get_hw_devices xc7a100t_0]
set_property FULL_PROBES.FILE {} [get_hw_devices xc7a100t_0]
set_property PROGRAM.FILE {D:/Codes/COD-course/Lab6/Lab6.runs/impl_1/top.bit} [get_hw_devices xc7a100t_0]
program_hw_devices [get_hw_devices xc7a100t_0]
refresh_hw_device [lindex [get_hw_devices xc7a100t_0] 0]
close_hw
set_property -dict [list CONFIG.coefficient_file {C:/Users/yjh10/Desktop/terminal.coe}] [get_ips RAM]
generate_target all [get_files  D:/Codes/COD-course/Lab6/Lab6.srcs/sources_1/ip/RAM/RAM.xci]
catch { config_ip_cache -export [get_ips -all RAM] }
export_ip_user_files -of_objects [get_files D:/Codes/COD-course/Lab6/Lab6.srcs/sources_1/ip/RAM/RAM.xci] -no_script -sync -force -quiet
create_ip_run [get_files -of_objects [get_fileset sources_1] D:/Codes/COD-course/Lab6/Lab6.srcs/sources_1/ip/RAM/RAM.xci]
launch_runs -jobs 8 RAM_synth_1
export_simulation -of_objects [get_files D:/Codes/COD-course/Lab6/Lab6.srcs/sources_1/ip/RAM/RAM.xci] -directory D:/Codes/COD-course/Lab6/Lab6.ip_user_files/sim_scripts -ip_user_files_dir D:/Codes/COD-course/Lab6/Lab6.ip_user_files -ipstatic_source_dir D:/Codes/COD-course/Lab6/Lab6.ip_user_files/ipstatic -lib_map_path [list {modelsim=D:/Codes/COD-course/Lab6/Lab6.cache/compile_simlib/modelsim} {questa=D:/Codes/COD-course/Lab6/Lab6.cache/compile_simlib/questa} {riviera=D:/Codes/COD-course/Lab6/Lab6.cache/compile_simlib/riviera} {activehdl=D:/Codes/COD-course/Lab6/Lab6.cache/compile_simlib/activehdl}] -use_ip_compiled_libs -force -quiet
reset_run synth_1
launch_runs impl_1 -to_step write_bitstream -jobs 8
wait_on_run impl_1
open_hw
connect_hw_server
open_hw_target
set_property PROGRAM.FILE {D:/Codes/COD-course/Lab6/Lab6.runs/impl_1/top.bit} [get_hw_devices xc7a100t_0]
current_hw_device [get_hw_devices xc7a100t_0]
refresh_hw_device -update_hw_probes false [lindex [get_hw_devices xc7a100t_0] 0]
set_property PROBES.FILE {} [get_hw_devices xc7a100t_0]
set_property FULL_PROBES.FILE {} [get_hw_devices xc7a100t_0]
set_property PROGRAM.FILE {D:/Codes/COD-course/Lab6/Lab6.runs/impl_1/top.bit} [get_hw_devices xc7a100t_0]
program_hw_devices [get_hw_devices xc7a100t_0]
refresh_hw_device [lindex [get_hw_devices xc7a100t_0] 0]
close_hw
set_property -dict [list CONFIG.coefficient_file {C:/Users/yjh10/Desktop/test_new.coe}] [get_ips RAM]
generate_target all [get_files  D:/Codes/COD-course/Lab6/Lab6.srcs/sources_1/ip/RAM/RAM.xci]
catch { config_ip_cache -export [get_ips -all RAM] }
export_ip_user_files -of_objects [get_files D:/Codes/COD-course/Lab6/Lab6.srcs/sources_1/ip/RAM/RAM.xci] -no_script -sync -force -quiet
reset_run RAM_synth_1
launch_runs -jobs 8 RAM_synth_1
export_simulation -of_objects [get_files D:/Codes/COD-course/Lab6/Lab6.srcs/sources_1/ip/RAM/RAM.xci] -directory D:/Codes/COD-course/Lab6/Lab6.ip_user_files/sim_scripts -ip_user_files_dir D:/Codes/COD-course/Lab6/Lab6.ip_user_files -ipstatic_source_dir D:/Codes/COD-course/Lab6/Lab6.ip_user_files/ipstatic -lib_map_path [list {modelsim=D:/Codes/COD-course/Lab6/Lab6.cache/compile_simlib/modelsim} {questa=D:/Codes/COD-course/Lab6/Lab6.cache/compile_simlib/questa} {riviera=D:/Codes/COD-course/Lab6/Lab6.cache/compile_simlib/riviera} {activehdl=D:/Codes/COD-course/Lab6/Lab6.cache/compile_simlib/activehdl}] -use_ip_compiled_libs -force -quiet
reset_run synth_1
launch_runs impl_1 -to_step write_bitstream -jobs 8
wait_on_run impl_1
open_hw
connect_hw_server
open_hw_target
set_property PROGRAM.FILE {D:/Codes/COD-course/Lab6/Lab6.runs/impl_1/top.bit} [get_hw_devices xc7a100t_0]
current_hw_device [get_hw_devices xc7a100t_0]
refresh_hw_device -update_hw_probes false [lindex [get_hw_devices xc7a100t_0] 0]
set_property PROBES.FILE {} [get_hw_devices xc7a100t_0]
set_property FULL_PROBES.FILE {} [get_hw_devices xc7a100t_0]
set_property PROGRAM.FILE {D:/Codes/COD-course/Lab6/Lab6.runs/impl_1/top.bit} [get_hw_devices xc7a100t_0]
program_hw_devices [get_hw_devices xc7a100t_0]
refresh_hw_device [lindex [get_hw_devices xc7a100t_0] 0]
close_hw
set_property -dict [list CONFIG.coefficient_file {C:/Users/yjh10/Desktop/terminal.coe}] [get_ips RAM]
generate_target all [get_files  D:/Codes/COD-course/Lab6/Lab6.srcs/sources_1/ip/RAM/RAM.xci]
catch { config_ip_cache -export [get_ips -all RAM] }
export_ip_user_files -of_objects [get_files D:/Codes/COD-course/Lab6/Lab6.srcs/sources_1/ip/RAM/RAM.xci] -no_script -sync -force -quiet
reset_run RAM_synth_1
launch_runs -jobs 8 RAM_synth_1
export_simulation -of_objects [get_files D:/Codes/COD-course/Lab6/Lab6.srcs/sources_1/ip/RAM/RAM.xci] -directory D:/Codes/COD-course/Lab6/Lab6.ip_user_files/sim_scripts -ip_user_files_dir D:/Codes/COD-course/Lab6/Lab6.ip_user_files -ipstatic_source_dir D:/Codes/COD-course/Lab6/Lab6.ip_user_files/ipstatic -lib_map_path [list {modelsim=D:/Codes/COD-course/Lab6/Lab6.cache/compile_simlib/modelsim} {questa=D:/Codes/COD-course/Lab6/Lab6.cache/compile_simlib/questa} {riviera=D:/Codes/COD-course/Lab6/Lab6.cache/compile_simlib/riviera} {activehdl=D:/Codes/COD-course/Lab6/Lab6.cache/compile_simlib/activehdl}] -use_ip_compiled_libs -force -quiet
set_property -dict [list CONFIG.coefficient_file {C:/Users/yjh10/Desktop/font.coe}] [get_ips Font_ROM]
generate_target all [get_files  D:/Codes/COD-course/Lab6/Lab6.srcs/sources_1/ip/Font_ROM/Font_ROM.xci]
catch { config_ip_cache -export [get_ips -all Font_ROM] }
catch { [ delete_ip_run [get_ips -all Font_ROM] ] }
export_ip_user_files -of_objects [get_files D:/Codes/COD-course/Lab6/Lab6.srcs/sources_1/ip/Font_ROM/Font_ROM.xci] -no_script -sync -force -quiet
create_ip_run [get_files -of_objects [get_fileset sources_1] D:/Codes/COD-course/Lab6/Lab6.srcs/sources_1/ip/Font_ROM/Font_ROM.xci]
export_simulation -of_objects [get_files D:/Codes/COD-course/Lab6/Lab6.srcs/sources_1/ip/Font_ROM/Font_ROM.xci] -directory D:/Codes/COD-course/Lab6/Lab6.ip_user_files/sim_scripts -ip_user_files_dir D:/Codes/COD-course/Lab6/Lab6.ip_user_files -ipstatic_source_dir D:/Codes/COD-course/Lab6/Lab6.ip_user_files/ipstatic -lib_map_path [list {modelsim=D:/Codes/COD-course/Lab6/Lab6.cache/compile_simlib/modelsim} {questa=D:/Codes/COD-course/Lab6/Lab6.cache/compile_simlib/questa} {riviera=D:/Codes/COD-course/Lab6/Lab6.cache/compile_simlib/riviera} {activehdl=D:/Codes/COD-course/Lab6/Lab6.cache/compile_simlib/activehdl}] -use_ip_compiled_libs -force -quiet
update_compile_order -fileset sources_1
reset_run synth_1
launch_runs impl_1 -to_step write_bitstream -jobs 8
wait_on_run impl_1
open_hw
connect_hw_server
close_hw
set_property -dict [list CONFIG.coefficient_file {C:/Users/yjh10/Desktop/font.coe}] [get_ips Font_ROM]
generate_target all [get_files  D:/Codes/COD-course/Lab6/Lab6.srcs/sources_1/ip/Font_ROM/Font_ROM.xci]
catch { config_ip_cache -export [get_ips -all Font_ROM] }
export_ip_user_files -of_objects [get_files D:/Codes/COD-course/Lab6/Lab6.srcs/sources_1/ip/Font_ROM/Font_ROM.xci] -no_script -sync -force -quiet
create_ip_run [get_files -of_objects [get_fileset sources_1] D:/Codes/COD-course/Lab6/Lab6.srcs/sources_1/ip/Font_ROM/Font_ROM.xci]
launch_runs -jobs 8 Font_ROM_synth_1
export_simulation -of_objects [get_files D:/Codes/COD-course/Lab6/Lab6.srcs/sources_1/ip/Font_ROM/Font_ROM.xci] -directory D:/Codes/COD-course/Lab6/Lab6.ip_user_files/sim_scripts -ip_user_files_dir D:/Codes/COD-course/Lab6/Lab6.ip_user_files -ipstatic_source_dir D:/Codes/COD-course/Lab6/Lab6.ip_user_files/ipstatic -lib_map_path [list {modelsim=D:/Codes/COD-course/Lab6/Lab6.cache/compile_simlib/modelsim} {questa=D:/Codes/COD-course/Lab6/Lab6.cache/compile_simlib/questa} {riviera=D:/Codes/COD-course/Lab6/Lab6.cache/compile_simlib/riviera} {activehdl=D:/Codes/COD-course/Lab6/Lab6.cache/compile_simlib/activehdl}] -use_ip_compiled_libs -force -quiet
reset_run Font_ROM_synth_1
set_property -dict [list CONFIG.depth {128}] [get_ips Font_ROM]
generate_target all [get_files  D:/Codes/COD-course/Lab6/Lab6.srcs/sources_1/ip/Font_ROM/Font_ROM.xci]
catch { config_ip_cache -export [get_ips -all Font_ROM] }
export_ip_user_files -of_objects [get_files D:/Codes/COD-course/Lab6/Lab6.srcs/sources_1/ip/Font_ROM/Font_ROM.xci] -no_script -sync -force -quiet
launch_runs -jobs 8 Font_ROM_synth_1
export_simulation -of_objects [get_files D:/Codes/COD-course/Lab6/Lab6.srcs/sources_1/ip/Font_ROM/Font_ROM.xci] -directory D:/Codes/COD-course/Lab6/Lab6.ip_user_files/sim_scripts -ip_user_files_dir D:/Codes/COD-course/Lab6/Lab6.ip_user_files -ipstatic_source_dir D:/Codes/COD-course/Lab6/Lab6.ip_user_files/ipstatic -lib_map_path [list {modelsim=D:/Codes/COD-course/Lab6/Lab6.cache/compile_simlib/modelsim} {questa=D:/Codes/COD-course/Lab6/Lab6.cache/compile_simlib/questa} {riviera=D:/Codes/COD-course/Lab6/Lab6.cache/compile_simlib/riviera} {activehdl=D:/Codes/COD-course/Lab6/Lab6.cache/compile_simlib/activehdl}] -use_ip_compiled_libs -force -quiet
reset_run synth_1
launch_runs impl_1 -to_step write_bitstream -jobs 8
wait_on_run impl_1
reset_run synth_1
launch_runs impl_1 -to_step write_bitstream -jobs 8
wait_on_run impl_1
open_run impl_1
close_design
open_hw
connect_hw_server
open_hw_target
set_property PROGRAM.FILE {D:/Codes/COD-course/Lab6/Lab6.runs/impl_1/top.bit} [get_hw_devices xc7a100t_0]
current_hw_device [get_hw_devices xc7a100t_0]
refresh_hw_device -update_hw_probes false [lindex [get_hw_devices xc7a100t_0] 0]
set_property PROBES.FILE {} [get_hw_devices xc7a100t_0]
set_property FULL_PROBES.FILE {} [get_hw_devices xc7a100t_0]
set_property PROGRAM.FILE {D:/Codes/COD-course/Lab6/Lab6.runs/impl_1/top.bit} [get_hw_devices xc7a100t_0]
program_hw_devices [get_hw_devices xc7a100t_0]
refresh_hw_device [lindex [get_hw_devices xc7a100t_0] 0]
close_hw
reset_run synth_1
launch_runs impl_1 -to_step write_bitstream -jobs 8
wait_on_run impl_1
reset_run impl_1
set_property -dict [list CONFIG.coefficient_file {C:/Users/yjh10/Desktop/terminal.coe}] [get_ips RAM]
generate_target all [get_files  D:/Codes/COD-course/Lab6/Lab6.srcs/sources_1/ip/RAM/RAM.xci]
catch { config_ip_cache -export [get_ips -all RAM] }
catch { [ delete_ip_run [get_ips -all RAM] ] }
export_ip_user_files -of_objects [get_files D:/Codes/COD-course/Lab6/Lab6.srcs/sources_1/ip/RAM/RAM.xci] -no_script -sync -force -quiet
create_ip_run [get_files -of_objects [get_fileset sources_1] D:/Codes/COD-course/Lab6/Lab6.srcs/sources_1/ip/RAM/RAM.xci]
export_simulation -of_objects [get_files D:/Codes/COD-course/Lab6/Lab6.srcs/sources_1/ip/RAM/RAM.xci] -directory D:/Codes/COD-course/Lab6/Lab6.ip_user_files/sim_scripts -ip_user_files_dir D:/Codes/COD-course/Lab6/Lab6.ip_user_files -ipstatic_source_dir D:/Codes/COD-course/Lab6/Lab6.ip_user_files/ipstatic -lib_map_path [list {modelsim=D:/Codes/COD-course/Lab6/Lab6.cache/compile_simlib/modelsim} {questa=D:/Codes/COD-course/Lab6/Lab6.cache/compile_simlib/questa} {riviera=D:/Codes/COD-course/Lab6/Lab6.cache/compile_simlib/riviera} {activehdl=D:/Codes/COD-course/Lab6/Lab6.cache/compile_simlib/activehdl}] -use_ip_compiled_libs -force -quiet
update_compile_order -fileset sources_1
set_property -dict [list CONFIG.coefficient_file {C:/Users/yjh10/Desktop/font.coe}] [get_ips Font_ROM]
generate_target all [get_files  D:/Codes/COD-course/Lab6/Lab6.srcs/sources_1/ip/Font_ROM/Font_ROM.xci]
catch { config_ip_cache -export [get_ips -all Font_ROM] }
export_ip_user_files -of_objects [get_files D:/Codes/COD-course/Lab6/Lab6.srcs/sources_1/ip/Font_ROM/Font_ROM.xci] -no_script -sync -force -quiet
reset_run Font_ROM_synth_1
launch_runs -jobs 8 Font_ROM_synth_1
export_simulation -of_objects [get_files D:/Codes/COD-course/Lab6/Lab6.srcs/sources_1/ip/Font_ROM/Font_ROM.xci] -directory D:/Codes/COD-course/Lab6/Lab6.ip_user_files/sim_scripts -ip_user_files_dir D:/Codes/COD-course/Lab6/Lab6.ip_user_files -ipstatic_source_dir D:/Codes/COD-course/Lab6/Lab6.ip_user_files/ipstatic -lib_map_path [list {modelsim=D:/Codes/COD-course/Lab6/Lab6.cache/compile_simlib/modelsim} {questa=D:/Codes/COD-course/Lab6/Lab6.cache/compile_simlib/questa} {riviera=D:/Codes/COD-course/Lab6/Lab6.cache/compile_simlib/riviera} {activehdl=D:/Codes/COD-course/Lab6/Lab6.cache/compile_simlib/activehdl}] -use_ip_compiled_libs -force -quiet
reset_run synth_1
launch_runs impl_1 -to_step write_bitstream -jobs 8
wait_on_run impl_1
open_hw
connect_hw_server
open_hw_target
set_property PROGRAM.FILE {D:/Codes/COD-course/Lab6/Lab6.runs/impl_1/top.bit} [get_hw_devices xc7a100t_0]
current_hw_device [get_hw_devices xc7a100t_0]
refresh_hw_device -update_hw_probes false [lindex [get_hw_devices xc7a100t_0] 0]
set_property PROBES.FILE {} [get_hw_devices xc7a100t_0]
set_property FULL_PROBES.FILE {} [get_hw_devices xc7a100t_0]
set_property PROGRAM.FILE {D:/Codes/COD-course/Lab6/Lab6.runs/impl_1/top.bit} [get_hw_devices xc7a100t_0]
program_hw_devices [get_hw_devices xc7a100t_0]
refresh_hw_device [lindex [get_hw_devices xc7a100t_0] 0]
close_hw
export_ip_user_files -of_objects  [get_files D:/Codes/COD-course/Lab6/Lab6.srcs/sources_1/ip/Font_ROM/Font_ROM.xci] -no_script -reset -force -quiet
remove_files  -fileset Font_ROM D:/Codes/COD-course/Lab6/Lab6.srcs/sources_1/ip/Font_ROM/Font_ROM.xci
open_project D:/Codes/COD-course/Lab4/Lab4.xpr
update_compile_order -fileset sources_1
close_project
create_ip -name blk_mem_gen -vendor xilinx.com -library ip -version 8.4 -module_name Font_ROM -dir d:/Codes/COD-course/Lab6/Lab6.srcs/sources_1/ip
set_property -dict [list CONFIG.Component_Name {Font_ROM} CONFIG.Memory_Type {Single_Port_ROM} CONFIG.Write_Width_A {250} CONFIG.Write_Depth_A {128} CONFIG.Read_Width_A {250} CONFIG.Write_Width_B {250} CONFIG.Read_Width_B {250} CONFIG.Load_Init_File {true} CONFIG.Coe_File {C:/Users/yjh10/Desktop/font.coe} CONFIG.Port_A_Write_Rate {0}] [get_ips Font_ROM]
generate_target {instantiation_template} [get_files d:/Codes/COD-course/Lab6/Lab6.srcs/sources_1/ip/Font_ROM_1/Font_ROM.xci]
update_compile_order -fileset sources_1
generate_target all [get_files  d:/Codes/COD-course/Lab6/Lab6.srcs/sources_1/ip/Font_ROM_1/Font_ROM.xci]
catch { config_ip_cache -export [get_ips -all Font_ROM] }
export_ip_user_files -of_objects [get_files d:/Codes/COD-course/Lab6/Lab6.srcs/sources_1/ip/Font_ROM_1/Font_ROM.xci] -no_script -sync -force -quiet
create_ip_run [get_files -of_objects [get_fileset sources_1] d:/Codes/COD-course/Lab6/Lab6.srcs/sources_1/ip/Font_ROM_1/Font_ROM.xci]
launch_runs -jobs 8 Font_ROM_synth_1
export_simulation -of_objects [get_files d:/Codes/COD-course/Lab6/Lab6.srcs/sources_1/ip/Font_ROM_1/Font_ROM.xci] -directory D:/Codes/COD-course/Lab6/Lab6.ip_user_files/sim_scripts -ip_user_files_dir D:/Codes/COD-course/Lab6/Lab6.ip_user_files -ipstatic_source_dir D:/Codes/COD-course/Lab6/Lab6.ip_user_files/ipstatic -lib_map_path [list {modelsim=D:/Codes/COD-course/Lab6/Lab6.cache/compile_simlib/modelsim} {questa=D:/Codes/COD-course/Lab6/Lab6.cache/compile_simlib/questa} {riviera=D:/Codes/COD-course/Lab6/Lab6.cache/compile_simlib/riviera} {activehdl=D:/Codes/COD-course/Lab6/Lab6.cache/compile_simlib/activehdl}] -use_ip_compiled_libs -force -quiet
reset_run synth_1
launch_runs impl_1 -to_step write_bitstream -jobs 8
wait_on_run impl_1
reset_run impl_1
reset_run synth_1
launch_runs impl_1 -to_step write_bitstream -jobs 8
wait_on_run impl_1
open_hw
connect_hw_server
open_hw_target
set_property PROGRAM.FILE {D:/Codes/COD-course/Lab6/Lab6.runs/impl_1/top.bit} [get_hw_devices xc7a100t_0]
current_hw_device [get_hw_devices xc7a100t_0]
refresh_hw_device -update_hw_probes false [lindex [get_hw_devices xc7a100t_0] 0]
set_property PROBES.FILE {} [get_hw_devices xc7a100t_0]
set_property FULL_PROBES.FILE {} [get_hw_devices xc7a100t_0]
set_property PROGRAM.FILE {D:/Codes/COD-course/Lab6/Lab6.runs/impl_1/top.bit} [get_hw_devices xc7a100t_0]
program_hw_devices [get_hw_devices xc7a100t_0]
refresh_hw_device [lindex [get_hw_devices xc7a100t_0] 0]
close_hw
set_property -dict [list CONFIG.Register_PortA_Output_of_Memory_Primitives {false}] [get_ips Font_ROM]
generate_target all [get_files  d:/Codes/COD-course/Lab6/Lab6.srcs/sources_1/ip/Font_ROM_1/Font_ROM.xci]
catch { config_ip_cache -export [get_ips -all Font_ROM] }
export_ip_user_files -of_objects [get_files d:/Codes/COD-course/Lab6/Lab6.srcs/sources_1/ip/Font_ROM_1/Font_ROM.xci] -no_script -sync -force -quiet
reset_run Font_ROM_synth_1
launch_runs -jobs 8 Font_ROM_synth_1
export_simulation -of_objects [get_files d:/Codes/COD-course/Lab6/Lab6.srcs/sources_1/ip/Font_ROM_1/Font_ROM.xci] -directory D:/Codes/COD-course/Lab6/Lab6.ip_user_files/sim_scripts -ip_user_files_dir D:/Codes/COD-course/Lab6/Lab6.ip_user_files -ipstatic_source_dir D:/Codes/COD-course/Lab6/Lab6.ip_user_files/ipstatic -lib_map_path [list {modelsim=D:/Codes/COD-course/Lab6/Lab6.cache/compile_simlib/modelsim} {questa=D:/Codes/COD-course/Lab6/Lab6.cache/compile_simlib/questa} {riviera=D:/Codes/COD-course/Lab6/Lab6.cache/compile_simlib/riviera} {activehdl=D:/Codes/COD-course/Lab6/Lab6.cache/compile_simlib/activehdl}] -use_ip_compiled_libs -force -quiet
set_property -dict [list CONFIG.Enable_A {Always_Enabled} CONFIG.Register_PortA_Output_of_Memory_Primitives {true}] [get_ips Font_ROM]
generate_target all [get_files  d:/Codes/COD-course/Lab6/Lab6.srcs/sources_1/ip/Font_ROM_1/Font_ROM.xci]
catch { config_ip_cache -export [get_ips -all Font_ROM] }
export_ip_user_files -of_objects [get_files d:/Codes/COD-course/Lab6/Lab6.srcs/sources_1/ip/Font_ROM_1/Font_ROM.xci] -no_script -sync -force -quiet
reset_run Font_ROM_synth_1
launch_runs -jobs 8 Font_ROM_synth_1
export_simulation -of_objects [get_files d:/Codes/COD-course/Lab6/Lab6.srcs/sources_1/ip/Font_ROM_1/Font_ROM.xci] -directory D:/Codes/COD-course/Lab6/Lab6.ip_user_files/sim_scripts -ip_user_files_dir D:/Codes/COD-course/Lab6/Lab6.ip_user_files -ipstatic_source_dir D:/Codes/COD-course/Lab6/Lab6.ip_user_files/ipstatic -lib_map_path [list {modelsim=D:/Codes/COD-course/Lab6/Lab6.cache/compile_simlib/modelsim} {questa=D:/Codes/COD-course/Lab6/Lab6.cache/compile_simlib/questa} {riviera=D:/Codes/COD-course/Lab6/Lab6.cache/compile_simlib/riviera} {activehdl=D:/Codes/COD-course/Lab6/Lab6.cache/compile_simlib/activehdl}] -use_ip_compiled_libs -force -quiet
reset_run synth_1
launch_runs impl_1 -to_step write_bitstream -jobs 8
wait_on_run impl_1
open_hw
connect_hw_server
open_hw_target
set_property PROGRAM.FILE {D:/Codes/COD-course/Lab6/Lab6.runs/impl_1/top.bit} [get_hw_devices xc7a100t_0]
current_hw_device [get_hw_devices xc7a100t_0]
refresh_hw_device -update_hw_probes false [lindex [get_hw_devices xc7a100t_0] 0]
set_property PROBES.FILE {} [get_hw_devices xc7a100t_0]
set_property FULL_PROBES.FILE {} [get_hw_devices xc7a100t_0]
set_property PROGRAM.FILE {D:/Codes/COD-course/Lab6/Lab6.runs/impl_1/top.bit} [get_hw_devices xc7a100t_0]
program_hw_devices [get_hw_devices xc7a100t_0]
refresh_hw_device [lindex [get_hw_devices xc7a100t_0] 0]
close_hw
export_ip_user_files -of_objects  [get_files d:/Codes/COD-course/Lab6/Lab6.srcs/sources_1/ip/Font_ROM_1/Font_ROM.xci] -no_script -reset -force -quiet
remove_files  -fileset Font_ROM d:/Codes/COD-course/Lab6/Lab6.srcs/sources_1/ip/Font_ROM_1/Font_ROM.xci
create_ip -name dist_mem_gen -vendor xilinx.com -library ip -version 8.0 -module_name dist_mem_gen_0 -dir d:/Codes/COD-course/Lab6/Lab6.srcs/sources_1/ip
set_property -dict [list CONFIG.depth {128} CONFIG.data_width {250} CONFIG.memory_type {rom} CONFIG.coefficient_file {C:/Users/yjh10/Desktop/font.coe}] [get_ips dist_mem_gen_0]
generate_target {instantiation_template} [get_files d:/Codes/COD-course/Lab6/Lab6.srcs/sources_1/ip/dist_mem_gen_0/dist_mem_gen_0.xci]
generate_target all [get_files  d:/Codes/COD-course/Lab6/Lab6.srcs/sources_1/ip/dist_mem_gen_0/dist_mem_gen_0.xci]
catch { config_ip_cache -export [get_ips -all dist_mem_gen_0] }
export_ip_user_files -of_objects [get_files d:/Codes/COD-course/Lab6/Lab6.srcs/sources_1/ip/dist_mem_gen_0/dist_mem_gen_0.xci] -no_script -sync -force -quiet
create_ip_run [get_files -of_objects [get_fileset sources_1] d:/Codes/COD-course/Lab6/Lab6.srcs/sources_1/ip/dist_mem_gen_0/dist_mem_gen_0.xci]
export_simulation -of_objects [get_files d:/Codes/COD-course/Lab6/Lab6.srcs/sources_1/ip/dist_mem_gen_0/dist_mem_gen_0.xci] -directory D:/Codes/COD-course/Lab6/Lab6.ip_user_files/sim_scripts -ip_user_files_dir D:/Codes/COD-course/Lab6/Lab6.ip_user_files -ipstatic_source_dir D:/Codes/COD-course/Lab6/Lab6.ip_user_files/ipstatic -lib_map_path [list {modelsim=D:/Codes/COD-course/Lab6/Lab6.cache/compile_simlib/modelsim} {questa=D:/Codes/COD-course/Lab6/Lab6.cache/compile_simlib/questa} {riviera=D:/Codes/COD-course/Lab6/Lab6.cache/compile_simlib/riviera} {activehdl=D:/Codes/COD-course/Lab6/Lab6.cache/compile_simlib/activehdl}] -use_ip_compiled_libs -force -quiet
update_compile_order -fileset sources_1
export_ip_user_files -of_objects  [get_files d:/Codes/COD-course/Lab6/Lab6.srcs/sources_1/ip/dist_mem_gen_0/dist_mem_gen_0.xci] -no_script -reset -force -quiet
remove_files  d:/Codes/COD-course/Lab6/Lab6.srcs/sources_1/ip/dist_mem_gen_0/dist_mem_gen_0.xci
create_ip -name dist_mem_gen -vendor xilinx.com -library ip -version 8.0 -module_name dist_mem_gen_0 -dir d:/Codes/COD-course/Lab6/Lab6.srcs/sources_1/ip
set_property -dict [list CONFIG.depth {128} CONFIG.data_width {250} CONFIG.memory_type {rom} CONFIG.coefficient_file {C:/Users/yjh10/Desktop/font.coe}] [get_ips dist_mem_gen_0]
generate_target {instantiation_template} [get_files d:/Codes/COD-course/Lab6/Lab6.srcs/sources_1/ip/dist_mem_gen_0_1/dist_mem_gen_0.xci]
generate_target all [get_files  d:/Codes/COD-course/Lab6/Lab6.srcs/sources_1/ip/dist_mem_gen_0_1/dist_mem_gen_0.xci]
catch { config_ip_cache -export [get_ips -all dist_mem_gen_0] }
export_ip_user_files -of_objects [get_files d:/Codes/COD-course/Lab6/Lab6.srcs/sources_1/ip/dist_mem_gen_0_1/dist_mem_gen_0.xci] -no_script -sync -force -quiet
create_ip_run [get_files -of_objects [get_fileset sources_1] d:/Codes/COD-course/Lab6/Lab6.srcs/sources_1/ip/dist_mem_gen_0_1/dist_mem_gen_0.xci]
export_simulation -of_objects [get_files d:/Codes/COD-course/Lab6/Lab6.srcs/sources_1/ip/dist_mem_gen_0_1/dist_mem_gen_0.xci] -directory D:/Codes/COD-course/Lab6/Lab6.ip_user_files/sim_scripts -ip_user_files_dir D:/Codes/COD-course/Lab6/Lab6.ip_user_files -ipstatic_source_dir D:/Codes/COD-course/Lab6/Lab6.ip_user_files/ipstatic -lib_map_path [list {modelsim=D:/Codes/COD-course/Lab6/Lab6.cache/compile_simlib/modelsim} {questa=D:/Codes/COD-course/Lab6/Lab6.cache/compile_simlib/questa} {riviera=D:/Codes/COD-course/Lab6/Lab6.cache/compile_simlib/riviera} {activehdl=D:/Codes/COD-course/Lab6/Lab6.cache/compile_simlib/activehdl}] -use_ip_compiled_libs -force -quiet
update_compile_order -fileset sources_1
export_ip_user_files -of_objects  [get_files d:/Codes/COD-course/Lab6/Lab6.srcs/sources_1/ip/dist_mem_gen_0_1/dist_mem_gen_0.xci] -no_script -reset -force -quiet
remove_files  d:/Codes/COD-course/Lab6/Lab6.srcs/sources_1/ip/dist_mem_gen_0_1/dist_mem_gen_0.xci
create_ip -name dist_mem_gen -vendor xilinx.com -library ip -version 8.0 -module_name Font_ROM -dir d:/Codes/COD-course/Lab6/Lab6.srcs/sources_1/ip
set_property -dict [list CONFIG.depth {128} CONFIG.data_width {250} CONFIG.Component_Name {Font_ROM} CONFIG.memory_type {rom} CONFIG.coefficient_file {C:/Users/yjh10/Desktop/font.coe}] [get_ips Font_ROM]
generate_target {instantiation_template} [get_files d:/Codes/COD-course/Lab6/Lab6.srcs/sources_1/ip/Font_ROM_2/Font_ROM.xci]
generate_target all [get_files  d:/Codes/COD-course/Lab6/Lab6.srcs/sources_1/ip/Font_ROM_2/Font_ROM.xci]
catch { config_ip_cache -export [get_ips -all Font_ROM] }
export_ip_user_files -of_objects [get_files d:/Codes/COD-course/Lab6/Lab6.srcs/sources_1/ip/Font_ROM_2/Font_ROM.xci] -no_script -sync -force -quiet
create_ip_run [get_files -of_objects [get_fileset sources_1] d:/Codes/COD-course/Lab6/Lab6.srcs/sources_1/ip/Font_ROM_2/Font_ROM.xci]
export_simulation -of_objects [get_files d:/Codes/COD-course/Lab6/Lab6.srcs/sources_1/ip/Font_ROM_2/Font_ROM.xci] -directory D:/Codes/COD-course/Lab6/Lab6.ip_user_files/sim_scripts -ip_user_files_dir D:/Codes/COD-course/Lab6/Lab6.ip_user_files -ipstatic_source_dir D:/Codes/COD-course/Lab6/Lab6.ip_user_files/ipstatic -lib_map_path [list {modelsim=D:/Codes/COD-course/Lab6/Lab6.cache/compile_simlib/modelsim} {questa=D:/Codes/COD-course/Lab6/Lab6.cache/compile_simlib/questa} {riviera=D:/Codes/COD-course/Lab6/Lab6.cache/compile_simlib/riviera} {activehdl=D:/Codes/COD-course/Lab6/Lab6.cache/compile_simlib/activehdl}] -use_ip_compiled_libs -force -quiet
update_compile_order -fileset sources_1
reset_run synth_1
launch_runs impl_1 -to_step write_bitstream -jobs 8
wait_on_run impl_1
reset_run impl_1
launch_runs impl_1 -to_step write_bitstream -jobs 8
wait_on_run impl_1
open_hw
connect_hw_server
open_hw_target
set_property PROGRAM.FILE {D:/Codes/COD-course/Lab6/Lab6.runs/impl_1/top.bit} [get_hw_devices xc7a100t_0]
current_hw_device [get_hw_devices xc7a100t_0]
refresh_hw_device -update_hw_probes false [lindex [get_hw_devices xc7a100t_0] 0]
set_property PROBES.FILE {} [get_hw_devices xc7a100t_0]
set_property FULL_PROBES.FILE {} [get_hw_devices xc7a100t_0]
set_property PROGRAM.FILE {D:/Codes/COD-course/Lab6/Lab6.runs/impl_1/top.bit} [get_hw_devices xc7a100t_0]
program_hw_devices [get_hw_devices xc7a100t_0]
refresh_hw_device [lindex [get_hw_devices xc7a100t_0] 0]
close_hw
export_ip_user_files -of_objects  [get_files c:/Users/yjh10/Desktop/inst_rom.coe] -no_script -reset -force -quiet
remove_files  c:/Users/yjh10/Desktop/inst_rom.coe
export_ip_user_files -of_objects  [get_files c:/Users/yjh10/Desktop/test_new.coe] -no_script -reset -force -quiet
remove_files  c:/Users/yjh10/Desktop/test_new.coe
export_ip_user_files -of_objects  [get_files c:/Users/yjh10/Desktop/test.coe] -no_script -reset -force -quiet
remove_files  c:/Users/yjh10/Desktop/test.coe
